// Jest Snapshot v1, https://goo.gl/fbAQLP

exports[`veLoading render normal 1`] = `
<div>
  <div id="loading-plane" class="ve-loading-parent-relative">
    <div class="ve-loading ve-loading-overlay ve-loading-hide" style="background-color: rgba(255, 255, 255, 0.5);">
      <div class="ve-loading-spin-container">
        <div class="ve-loading-spin">
          <div class="ve-loading-plane" style="width: 40px; height: 40px; background-color: rgb(24, 144, 255);"></div>
        </div>
        <div class="ve-loading-spin-tip" style="color: rgb(24, 144, 255);"></div>
      </div>
    </div>
  </div>
  <div id="loading-grid" class="ve-loading-parent-relative">
    <div class="ve-loading ve-loading-overlay ve-loading-hide" style="background-color: rgba(255, 255, 255, 0.5);">
      <div class="ve-loading-spin-container">
        <div class="ve-loading-spin">
          <div class="ve-loading-grid" style="width: 40px; height: 40px;">
            <div class="ve-loading-grid-cube" style="background-color: rgb(24, 144, 255);"></div>
            <div class="ve-loading-grid-cube" style="background-color: rgb(24, 144, 255);"></div>
            <div class="ve-loading-grid-cube" style="background-color: rgb(24, 144, 255);"></div>
            <div class="ve-loading-grid-cube" style="background-color: rgb(24, 144, 255);"></div>
            <div class="ve-loading-grid-cube" style="background-color: rgb(24, 144, 255);"></div>
            <div class="ve-loading-grid-cube" style="background-color: rgb(24, 144, 255);"></div>
            <div class="ve-loading-grid-cube" style="background-color: rgb(24, 144, 255);"></div>
            <div class="ve-loading-grid-cube" style="background-color: rgb(24, 144, 255);"></div>
            <div class="ve-loading-grid-cube" style="background-color: rgb(24, 144, 255);"></div>
          </div>
        </div>
        <div class="ve-loading-spin-tip" style="color: rgb(24, 144, 255);"></div>
      </div>
    </div>
  </div>
  <div id="loading-wave" class="ve-loading-parent-relative">
    <div class="ve-loading ve-loading-overlay ve-loading-hide" style="background-color: rgba(255, 255, 255, 0.5);">
      <div class="ve-loading-spin-container">
        <div class="ve-loading-spin">
          <div class="ve-loading-wave" style="width: 40px; height: 40px;">
            <div class="ve-loading-wave-rect" style="background-color: rgb(24, 144, 255);"></div>
            <div class="ve-loading-wave-rect" style="background-color: rgb(24, 144, 255);"></div>
            <div class="ve-loading-wave-rect" style="background-color: rgb(24, 144, 255);"></div>
            <div class="ve-loading-wave-rect" style="background-color: rgb(24, 144, 255);"></div>
            <div class="ve-loading-wave-rect" style="background-color: rgb(24, 144, 255);"></div>
          </div>
        </div>
        <div class="ve-loading-spin-tip" style="color: rgb(24, 144, 255);"></div>
      </div>
    </div>
  </div>
  <div id="loading-flow" class="ve-loading-parent-relative">
    <div class="ve-loading ve-loading-overlay ve-loading-hide" style="background-color: rgba(255, 255, 255, 0.5);">
      <div class="ve-loading-spin-container">
        <div class="ve-loading-spin">
          <div class="ve-loading-flow" style="width: 40px; height: 40px;">
            <div class="ve-loading-flow-dot" style="background-color: rgb(24, 144, 255);"></div>
            <div class="ve-loading-flow-dot" style="background-color: rgb(24, 144, 255);"></div>
            <div class="ve-loading-flow-dot" style="background-color: rgb(24, 144, 255);"></div>
          </div>
        </div>
        <div class="ve-loading-spin-tip" style="color: rgb(24, 144, 255);"></div>
      </div>
    </div>
  </div>
  <div id="loading-bounce" class="ve-loading-parent-relative">
    <div class="ve-loading ve-loading-overlay ve-loading-hide" style="background-color: rgba(255, 255, 255, 0.5);">
      <div class="ve-loading-spin-container">
        <div class="ve-loading-spin">
          <div class="ve-loading-bounce" style="width: 40px; height: 40px;">
            <div class="ve-loading-bounce-dot" style="background-color: rgb(24, 144, 255);"></div>
            <div class="ve-loading-bounce-dot" style="background-color: rgb(24, 144, 255);"></div>
          </div>
        </div>
        <div class="ve-loading-spin-tip" style="color: rgb(24, 144, 255);"></div>
      </div>
    </div>
  </div>
  <div id="loading-pulse" class="ve-loading-parent-relative">
    <div class="ve-loading ve-loading-overlay ve-loading-hide" style="background-color: rgba(255, 255, 255, 0.5);">
      <div class="ve-loading-spin-container">
        <div class="ve-loading-spin">
          <div class="ve-loading-pulse" style="width: 40px; height: 40px; background-color: rgb(24, 144, 255);"></div>
        </div>
        <div class="ve-loading-spin-tip" style="color: rgb(24, 144, 255);"></div>
      </div>
    </div>
  </div>
</div>
`;
