// Jest Snapshot v1, https://goo.gl/fbAQLP

exports[`veTable column hidden columnHiddenOption defaultHiddenColumnKeys prop 1`] = `
<div class="ve-table ve-table-border-around">
  <div class="ve-table-container" style="height: 0px;">
    <div class="ve-table-content-wrapper">
      <table class="ve-table-content ve-table-border-x">
        <colgroup>
          <col style="width: 130px;">
          <col style="width: 140px;">
          <col style="width: 140px;">
          <col style="width: 150px;">
          <col style="width: 160px;">
        </colgroup>
        <thead class="ve-table-fixed-header ve-table-header">
          <tr class="ve-table-header-tr">
            <th rowspan="1" colspan="3" class="ve-table-header-th" style="text-align: center; top: 0px;">col4-col5-col6</th>
            <th rowspan="3" colspan="1" class="ve-table-header-th" style="text-align: center; top: 0px;">col7</th>
            <th rowspan="3" colspan="1" class="ve-table-header-th ve-table-last-column" style="text-align: center; top: 0px;">col8</th>
          </tr>
          <tr class="ve-table-header-tr">
            <th rowspan="1" colspan="2" class="ve-table-header-th" style="text-align: center; top: 0px;">col4-col5</th>
            <th rowspan="2" colspan="1" class="ve-table-header-th" style="text-align: center; top: 0px;">col6</th>
          </tr>
          <tr class="ve-table-header-tr">
            <th rowspan="1" colspan="1" class="ve-table-header-th" style="text-align: center; top: 0px;">col4</th>
            <th rowspan="1" colspan="1" class="ve-table-header-th" style="text-align: center; top: 0px;">col5</th>
          </tr>
        </thead>
        <tbody class="ve-table-body ve-table-row-hover ve-table-row-highlight">
          <tr style="height: 0px;">
            <td style="padding: 0px; border: 0px; height: 0px;"></td>
            <td style="padding: 0px; border: 0px; height: 0px;"></td>
            <td style="padding: 0px; border: 0px; height: 0px;"></td>
            <td style="padding: 0px; border: 0px; height: 0px;"></td>
            <td style="padding: 0px; border: 0px; height: 0px;"></td>
          </tr>
          <tr class="ve-table-body-tr">
            <td rowspan="1" colspan="1" col-key="col4" class="ve-table-body-td" style="text-align: center;">col4-1</td>
            <td rowspan="1" colspan="1" col-key="col5" class="ve-table-body-td" style="text-align: center;">col5-1</td>
            <td rowspan="1" colspan="1" col-key="col6" class="ve-table-body-td" style="text-align: center;">col6-1</td>
            <td rowspan="1" colspan="1" col-key="col7" class="ve-table-body-td" style="text-align: center;">col7-1</td>
            <td rowspan="1" colspan="1" col-key="col8" class="ve-table-body-td" style="text-align: center;">col8-1</td>
          </tr>
        </tbody>
        <tfoot class="ve-table-fixed-footer ve-table-footer"></tfoot>
      </table>
    </div>
  </div>
</div>
`;
